[5f8a8bd98e08e.site123.me/index.html]
[fonts.googleapis.com/index.html]
[cdn-cms-s.f-static.net/index.html]
[cdn-cms.f-static.net/ready_uploads/media/21950/2000_5cdbfdd19310c.jpg]
[cdn-cms-s.f-static.net/versions/2/css/manifest4cd9.json]
[cdn-cms.f-static.net/ready_uploads/svg/chef-25f22837a5677f.svg]
[cdn-cms-s.f-static.net/ready_uploads/pwaScreenLogo/pwaImageb96f.png]
[cdn-cms-s.f-static.net/ready_uploads/pwaScreenLogo/pwaImagec399.png]
[backblue.gif]
[fade.gif]
[index.html]
[cdn-cms-s.f-static.net/ready_uploads/pwaScreenLogo/pwaImagefd53.png]
[cdn-cms-s.f-static.net/versions/2/css/minimize_maine288.css]
[cdn-cms-s.f-static.net/versions/2/css/websiteCSSe42b.css]
[cdn-cms.f-static.net/uploads/4380159/800_5f8a94ec60b1e.jpg]
[cdn-cms.f-static.net/uploads/4380159/800_5f8a9445914f0.png]
[cdn-cms.f-static.net/uploads/4380159/800_5f8a94f876205.jpg]
[cdn-cms.f-static.net/uploads/4380159/400_5f8a8e82a4f98.jpg]
[cdn-cms.f-static.net/uploads/4380159/800_5ad4a048460d5.jpg]
[cdn-cms.f-static.net/uploads/4380159/800_5ad4a2b22f8af.jpg]
[cdn-cms.f-static.net/uploads/4380159/800_5ad4a46b3cdd3.jpg]
[cdn-cms.f-static.net/uploads/4380159/800_crop_5adde9f7d5a9b_5ad4a485c2408.jpg]
[cdn-cms-s.f-static.net/files/images/google_map_white_smalle288.png]
[cdn-cms-s.f-static.net/files/images/waze_white_smalle288.png]
[cdn-cms-s.f-static.net/files/images/moovit_white_smalle288.png]
[cdn-cms-s.f-static.net/manager/site123_website/files/logos/brand_files_2020/Logo/Horizontal/PNG/Horizontal_Blacke288.png]
[5f8a8bd98e08e.site123.me/5f8a8bd98e08e.site123.16.delayed]
[cdn-cms-s.f-static.net/versions/2/js/minimize_p1e288.js]
[cdn-cms-s.f-static.net/versions/2/js/minimize_p2e288.js]
[cdn-cms-s.f-static.net/versions/2/wizard/statistics/js/generateStats-mine288.js]
[5f8a8bd98e08e.site123.me/index.html]
[cdn-cms-s.f-static.net/versions/2/js/minimize_p3e288.js]
[cdn-cms-s.f-static.net/versions/2/js/minimize_p4e288.js]
[cdn-cms-s.f-static.net/versions/2/js/minimize_scriptse288.js]
[cdn-cms-s.f-static.net/index.html]
[cdn-cms.f-static.net/index.html]
[fonts.googleapis.com/index.html]
[fonts.gstatic.com/index.html]
[cdn-cms-s.f-static.net/files/font-awesome-4.7/fonts/fontawesome-webfont3e6e.html]
[fonts.googleapis.com/css4f39.css]
[cdn-cms.f-static.net/ready_uploads/svg/chef-25f22837a5677f.svg]
[cdn-cms-s.f-static.net/files/vendor/slick-1.8.1/slick/ajax-loader.gif]
[cdn-cms-s.f-static.net/files/vendor/slick-1.8.1/slick/fonts/slick.svg]
[cdn-cms-s.f-static.net/files/font-awesome-4.7/fonts/fontawesome-webfont3e6e.svg]
[cdn-cms-s.f-static.net/files/vendor/raty-master/lib/fonts/raty.svg]
[cdn-cms-s.f-static.net/versions/2/css/owl.video.play.21.delayed]
[cdn-cms-s.f-static.net/versions/2/css/minimize_maine288.css]
[cdn-cms-s.f-static.net/files/images/google_map_white_smalle288.png]
[cdn-cms-s.f-static.net/files/images/waze_white_smalle288.png]
[cdn-cms-s.f-static.net/files/images/moovit_white_smalle288.png]
[cdn-cms.f-static.net/ready_uploads/media/21950/800_5cdbfdd19310c.jpg]
[cdn-cms.f-static.net/uploads/4380159/800_5f8a8db9485f6.jpg]
[cdn-cms.f-static.net/uploads/4380159/2000_5f8a8db9485f6.jpg]
[cdn-cms-s.f-static.net/versions/2/css/websiteCSSe42b.css]
[5f8a8bd98e08e.site123.me/5f8a8bd98e08e.site123.html]
[cdn-cms-s.f-static.net/files/font-awesome-4.7/fonts/fontawesome-webfont3e6e.svg]
[cdn-cms-s.f-static.net/files/vendor/slick-1.8.1/slick/fonts/slick.svg]
[cdn-cms-s.f-static.net/files/vendor/raty-master/lib/fonts/raty.svg]
[cdn-cms-s.f-static.net/versions/2/css/owl.video.play.html]
